label=nnet-tree-k1 n=16 delivery_ratio=0.994 lat_p50_ms=0.281 lat_p99_ms=1.77 wire_bytes_per_delivered_payload_byte=1.297 cpu_us_per_delivery=127.794 cpu_ms_per_node_s=63.508 wire_bytes_per_node_s=660170.946 conns_per_node=15 heap_mb_per_node=8.338 min_node_coverage=0.955 conn_high=0
label=nnet-tree-k3 n=16 delivery_ratio=1.0 lat_p50_ms=0.284 lat_p99_ms=2.597 wire_bytes_per_delivered_payload_byte=3.488 cpu_us_per_delivery=412.526 cpu_ms_per_node_s=206.204 wire_bytes_per_node_s=1785109.225 conns_per_node=15 heap_mb_per_node=9.532 min_node_coverage=0.995 conn_high=0
label=nnet-push n=16 delivery_ratio=1 lat_p50_ms=0.548 lat_p99_ms=7.832 wire_bytes_per_delivered_payload_byte=15.456 cpu_us_per_delivery=1236.725 cpu_ms_per_node_s=618.368 wire_bytes_per_node_s=7913311.732 conns_per_node=15 heap_mb_per_node=27.809 min_node_coverage=0.996 conn_high=0
label=gossipsub n=16 delivery_ratio=1 lat_p50_ms=0.23 lat_p99_ms=1.418 wire_bytes_per_delivered_payload_byte=7.366 cpu_us_per_delivery=531.386 cpu_ms_per_node_s=265.692 wire_bytes_per_node_s=3771350.736 conns_per_node=12.25 heap_mb_per_node=19.7 min_node_coverage=0.996 conn_high=0
label=gossipsub-secure n=16 delivery_ratio=1 lat_p50_ms=0.322 lat_p99_ms=1.759 wire_bytes_per_delivered_payload_byte=8.499 cpu_us_per_delivery=660.842 cpu_ms_per_node_s=330.405 wire_bytes_per_node_s=4351187.414 conns_per_node=12.5 heap_mb_per_node=19.676 min_node_coverage=0.996 conn_high=0
label=nnet-tree-k1 n=32 delivery_ratio=0.984 lat_p50_ms=0.619 lat_p99_ms=3.236 wire_bytes_per_delivered_payload_byte=1.374 cpu_us_per_delivery=149.037 cpu_ms_per_node_s=36.649 wire_bytes_per_node_s=346048.429 conns_per_node=24.75 heap_mb_per_node=14.148 min_node_coverage=0.956 conn_high=0
label=nnet-tree-k3 n=32 delivery_ratio=1.0 lat_p50_ms=0.489 lat_p99_ms=3.218 wire_bytes_per_delivered_payload_byte=4.163 cpu_us_per_delivery=508.658 cpu_ms_per_node_s=127.122 wire_bytes_per_node_s=1065427.571 conns_per_node=28.938 heap_mb_per_node=13.342 min_node_coverage=0.996 conn_high=0
label=nnet-push n=32 delivery_ratio=1 lat_p50_ms=521.104 lat_p99_ms=2870.063 wire_bytes_per_delivered_payload_byte=22.844 cpu_us_per_delivery=1592.016 cpu_ms_per_node_s=397.993 wire_bytes_per_node_s=5847817.152 conns_per_node=24.438 heap_mb_per_node=39.84 min_node_coverage=0.997 conn_high=0
label=gossipsub n=32 delivery_ratio=1 lat_p50_ms=0.391 lat_p99_ms=1.532 wire_bytes_per_delivered_payload_byte=8.3 cpu_us_per_delivery=638.734 cpu_ms_per_node_s=159.678 wire_bytes_per_node_s=2124618.552 conns_per_node=15.438 heap_mb_per_node=10.414 min_node_coverage=0.997 conn_high=0
label=gossipsub-secure n=32 delivery_ratio=1 lat_p50_ms=0.506 lat_p99_ms=2.538 wire_bytes_per_delivered_payload_byte=7.422 cpu_us_per_delivery=544.641 cpu_ms_per_node_s=136.155 wire_bytes_per_node_s=1899849.832 conns_per_node=14.875 heap_mb_per_node=11.377 min_node_coverage=0.997 conn_high=0
label=nnet-tree-k1 n=64 delivery_ratio=0.984 lat_p50_ms=0.91 lat_p99_ms=2.685 wire_bytes_per_delivered_payload_byte=1.328 cpu_us_per_delivery=180.109 cpu_ms_per_node_s=22.154 wire_bytes_per_node_s=167314.97 conns_per_node=31.188 heap_mb_per_node=12.784 min_node_coverage=0.894 conn_high=0
label=nnet-tree-k3 n=64 delivery_ratio=1.0 lat_p50_ms=0.773 lat_p99_ms=2.243 wire_bytes_per_delivered_payload_byte=4.7 cpu_us_per_delivery=421.857 cpu_ms_per_node_s=52.717 wire_bytes_per_node_s=601402.852 conns_per_node=39.219 heap_mb_per_node=11.833 min_node_coverage=0.993 conn_high=0
label=nnet-push n=64 delivery_ratio=0.973 lat_p50_ms=476.154 lat_p99_ms=1469.068 wire_bytes_per_delivered_payload_byte=22.159 cpu_us_per_delivery=1418.165 cpu_ms_per_node_s=172.417 wire_bytes_per_node_s=2758727.551 conns_per_node=24.922 heap_mb_per_node=30.428 min_node_coverage=0.057 conn_high=0
label=gossipsub n=64 delivery_ratio=1 lat_p50_ms=0.679 lat_p99_ms=2.169 wire_bytes_per_delivered_payload_byte=7.314 cpu_us_per_delivery=584.203 cpu_ms_per_node_s=73.024 wire_bytes_per_node_s=936225.426 conns_per_node=16.406 heap_mb_per_node=5.874 min_node_coverage=0.993 conn_high=0
label=gossipsub-secure n=64 delivery_ratio=1 lat_p50_ms=0.823 lat_p99_ms=4.491 wire_bytes_per_delivered_payload_byte=7.591 cpu_us_per_delivery=525.372 cpu_ms_per_node_s=65.671 wire_bytes_per_node_s=971656.481 conns_per_node=16.156 heap_mb_per_node=5.681 min_node_coverage=0.993 conn_high=0
label=nnet-tree-k1 n=128 delivery_ratio=0.996 lat_p50_ms=0.799 lat_p99_ms=2.221 wire_bytes_per_delivered_payload_byte=1.426 cpu_us_per_delivery=134.581 cpu_ms_per_node_s=8.381 wire_bytes_per_node_s=90908.387 conns_per_node=37.562 heap_mb_per_node=12.739 min_node_coverage=0.981 conn_high=0
label=nnet-tree-k3 n=128 delivery_ratio=1.0 lat_p50_ms=1.775 lat_p99_ms=13.599 wire_bytes_per_delivered_payload_byte=5.373 cpu_us_per_delivery=494.485 cpu_ms_per_node_s=30.901 wire_bytes_per_node_s=343838.026 conns_per_node=47.141 heap_mb_per_node=16.253 min_node_coverage=0.994 conn_high=0
label=nnet-push n=128 delivery_ratio=0.639 lat_p50_ms=129.51 lat_p99_ms=1805.325 wire_bytes_per_delivered_payload_byte=21.132 cpu_us_per_delivery=1682.347 cpu_ms_per_node_s=67.153 wire_bytes_per_node_s=863752.061 conns_per_node=23.539 heap_mb_per_node=15.963 min_node_coverage=0.031 conn_high=0
label=gossipsub n=128 delivery_ratio=1 lat_p50_ms=1.153 lat_p99_ms=4.633 wire_bytes_per_delivered_payload_byte=7.476 cpu_us_per_delivery=598.696 cpu_ms_per_node_s=37.418 wire_bytes_per_node_s=478437.362 conns_per_node=17.359 heap_mb_per_node=3.334 min_node_coverage=0.994 conn_high=0
label=gossipsub-secure n=128 delivery_ratio=1 lat_p50_ms=1.353 lat_p99_ms=8.97 wire_bytes_per_delivered_payload_byte=7.65 cpu_us_per_delivery=523.386 cpu_ms_per_node_s=32.712 wire_bytes_per_node_s=489587.832 conns_per_node=17.281 heap_mb_per_node=3.593 min_node_coverage=0.994 conn_high=0
label=nnet-tree-k1 n=256 delivery_ratio=1.0 lat_p50_ms=1.468 lat_p99_ms=5.049 wire_bytes_per_delivered_payload_byte=1.404 cpu_us_per_delivery=184.253 cpu_ms_per_node_s=5.756 wire_bytes_per_node_s=44926.337 conns_per_node=41.875 heap_mb_per_node=13.314 min_node_coverage=0.953 conn_high=0
label=nnet-tree-k3 n=256 delivery_ratio=1.0 lat_p50_ms=4.06 lat_p99_ms=41.326 wire_bytes_per_delivered_payload_byte=5.552 cpu_us_per_delivery=545.815 cpu_ms_per_node_s=17.051 wire_bytes_per_node_s=177608.531 conns_per_node=56.875 heap_mb_per_node=21.027 min_node_coverage=0.992 conn_high=0
label=nnet-push n=256 delivery_ratio=0.8 lat_p50_ms=772.111 lat_p99_ms=3314.64 wire_bytes_per_delivered_payload_byte=16.815 cpu_us_per_delivery=1677.151 cpu_ms_per_node_s=41.891 wire_bytes_per_node_s=430071.123 conns_per_node=23.625 heap_mb_per_node=19.671 min_node_coverage=0.029 conn_high=0
label=gossipsub n=256 delivery_ratio=1 lat_p50_ms=1.939 lat_p99_ms=9.309 wire_bytes_per_delivered_payload_byte=6.926 cpu_us_per_delivery=568.057 cpu_ms_per_node_s=17.753 wire_bytes_per_node_s=221656.938 conns_per_node=17.734 heap_mb_per_node=2.211 min_node_coverage=0.994 conn_high=0
label=gossipsub-secure n=256 delivery_ratio=1 lat_p50_ms=2.271 lat_p99_ms=18.807 wire_bytes_per_delivered_payload_byte=7.34 cpu_us_per_delivery=489.044 cpu_ms_per_node_s=15.284 wire_bytes_per_node_s=234905.7 conns_per_node=17.641 heap_mb_per_node=2.376 min_node_coverage=0.994 conn_high=0
label=nnet-relay n=16 delivery_ratio=1 lat_p50_ms=0.046 lat_p99_ms=0.127 wire_bytes_per_delivered_payload_byte=1.879 cpu_us_per_delivery=109.874 cpu_ms_per_node_s=27.468 wire_bytes_per_node_s=480950.871 conns_per_node=15 heap_mb_per_node=9.434 min_node_coverage=1 conn_high=0
label=libp2p-direct n=16 delivery_ratio=1 lat_p50_ms=0.02 lat_p99_ms=0.061 wire_bytes_per_delivered_payload_byte=1.004 cpu_us_per_delivery=55.567 cpu_ms_per_node_s=13.892 wire_bytes_per_node_s=257044.537 conns_per_node=15 heap_mb_per_node=4.121 min_node_coverage=1 conn_high=0
label=libp2p-direct-capped n=16 delivery_ratio=1 lat_p50_ms=0.022 lat_p99_ms=0.064 wire_bytes_per_delivered_payload_byte=1.004 cpu_us_per_delivery=56.797 cpu_ms_per_node_s=14.198 wire_bytes_per_node_s=257028.266 conns_per_node=15 heap_mb_per_node=6.695 min_node_coverage=1 conn_high=15
label=libp2p-direct-secure n=16 delivery_ratio=1 lat_p50_ms=0.022 lat_p99_ms=0.069 wire_bytes_per_delivered_payload_byte=1.004 cpu_us_per_delivery=57.829 cpu_ms_per_node_s=14.456 wire_bytes_per_node_s=257049.103 conns_per_node=15 heap_mb_per_node=6.896 min_node_coverage=1 conn_high=0
label=nnet-relay n=32 delivery_ratio=1.0 lat_p50_ms=0.055 lat_p99_ms=0.16 wire_bytes_per_delivered_payload_byte=2.32 cpu_us_per_delivery=145.764 cpu_ms_per_node_s=18.219 wire_bytes_per_node_s=296984.513 conns_per_node=28.562 heap_mb_per_node=12.966 min_node_coverage=1 conn_high=0
label=libp2p-direct n=32 delivery_ratio=1 lat_p50_ms=0.047 lat_p99_ms=0.066 wire_bytes_per_delivered_payload_byte=1.005 cpu_us_per_delivery=62.569 cpu_ms_per_node_s=7.821 wire_bytes_per_node_s=128599.023 conns_per_node=31 heap_mb_per_node=8.835 min_node_coverage=1 conn_high=0
label=libp2p-direct-capped n=32 delivery_ratio=1 lat_p50_ms=0.048 lat_p99_ms=0.065 wire_bytes_per_delivered_payload_byte=1.005 cpu_us_per_delivery=63.444 cpu_ms_per_node_s=7.93 wire_bytes_per_node_s=128593.106 conns_per_node=31 heap_mb_per_node=8.784 min_node_coverage=1 conn_high=29
label=libp2p-direct-secure n=32 delivery_ratio=1 lat_p50_ms=0.05 lat_p99_ms=0.068 wire_bytes_per_delivered_payload_byte=1.005 cpu_us_per_delivery=66.63 cpu_ms_per_node_s=8.328 wire_bytes_per_node_s=128597.539 conns_per_node=31 heap_mb_per_node=8.527 min_node_coverage=1 conn_high=0
label=nnet-relay n=64 delivery_ratio=1.0 lat_p50_ms=0.071 lat_p99_ms=0.341 wire_bytes_per_delivered_payload_byte=2.736 cpu_us_per_delivery=190.972 cpu_ms_per_node_s=11.936 wire_bytes_per_node_s=175094.045 conns_per_node=38.844 heap_mb_per_node=13.466 min_node_coverage=1 conn_high=0
label=libp2p-direct n=64 delivery_ratio=1 lat_p50_ms=0.053 lat_p99_ms=0.164 wire_bytes_per_delivered_payload_byte=1.01 cpu_us_per_delivery=74.355 cpu_ms_per_node_s=4.647 wire_bytes_per_node_s=64654.277 conns_per_node=63 heap_mb_per_node=14.43 min_node_coverage=1 conn_high=0
label=libp2p-direct-capped n=64 delivery_ratio=1.0 lat_p50_ms=0.049 lat_p99_ms=0.707 wire_bytes_per_delivered_payload_byte=1.096 cpu_us_per_delivery=122.472 cpu_ms_per_node_s=7.654 wire_bytes_per_node_s=70168.134 conns_per_node=54.094 heap_mb_per_node=12.574 min_node_coverage=1 conn_high=39
label=libp2p-direct-secure n=64 delivery_ratio=1 lat_p50_ms=0.052 lat_p99_ms=0.214 wire_bytes_per_delivered_payload_byte=1.01 cpu_us_per_delivery=72.747 cpu_ms_per_node_s=4.546 wire_bytes_per_node_s=64651.113 conns_per_node=63 heap_mb_per_node=14.133 min_node_coverage=1 conn_high=0
label=nnet-relay n=128 delivery_ratio=1.0 lat_p50_ms=0.097 lat_p99_ms=0.84 wire_bytes_per_delivered_payload_byte=3.284 cpu_us_per_delivery=263.827 cpu_ms_per_node_s=8.244 wire_bytes_per_node_s=105074.036 conns_per_node=47.391 heap_mb_per_node=12.987 min_node_coverage=1 conn_high=0
label=libp2p-direct n=128 delivery_ratio=1.0 lat_p50_ms=0.049 lat_p99_ms=1.881 wire_bytes_per_delivered_payload_byte=1.089 cpu_us_per_delivery=128.024 cpu_ms_per_node_s=4.001 wire_bytes_per_node_s=34847.159 conns_per_node=127 heap_mb_per_node=21.369 min_node_coverage=1 conn_high=0
label=libp2p-direct-capped n=128 delivery_ratio=1.0 lat_p50_ms=0.047 lat_p99_ms=3.109 wire_bytes_per_delivered_payload_byte=1.703 cpu_us_per_delivery=432.067 cpu_ms_per_node_s=13.501 wire_bytes_per_node_s=54500.487 conns_per_node=53.672 heap_mb_per_node=28.349 min_node_coverage=1 conn_high=47
label=libp2p-direct-secure n=128 delivery_ratio=1 lat_p50_ms=0.049 lat_p99_ms=1.781 wire_bytes_per_delivered_payload_byte=1.092 cpu_us_per_delivery=141.136 cpu_ms_per_node_s=4.41 wire_bytes_per_node_s=34936.823 conns_per_node=127 heap_mb_per_node=23.644 min_node_coverage=1 conn_high=0
label=nnet-relay n=256 delivery_ratio=1.0 lat_p50_ms=0.146 lat_p99_ms=2.202 wire_bytes_per_delivered_payload_byte=3.838 cpu_us_per_delivery=431.362 cpu_ms_per_node_s=6.74 wire_bytes_per_node_s=61404.159 conns_per_node=56.273 heap_mb_per_node=17.553 min_node_coverage=1 conn_high=0
label=libp2p-direct n=256 delivery_ratio=0.285 lat_p50_ms=154.326 lat_p99_ms=5496.647 wire_bytes_per_delivered_payload_byte=5.512 cpu_us_per_delivery=2584.979 cpu_ms_per_node_s=6.993 wire_bytes_per_node_s=15270.074 conns_per_node=249.852 heap_mb_per_node=34.358 min_node_coverage=1 conn_high=0
label=libp2p-direct-capped n=256 delivery_ratio=0.897 lat_p50_ms=139.802 lat_p99_ms=493.744 wire_bytes_per_delivered_payload_byte=2.769 cpu_us_per_delivery=1476.983 cpu_ms_per_node_s=19.416 wire_bytes_per_node_s=37269.588 conns_per_node=59.031 heap_mb_per_node=34.993 min_node_coverage=1 conn_high=56
label=libp2p-direct-secure n=256 delivery_ratio=0.288 lat_p50_ms=173.183 lat_p99_ms=7518.15 wire_bytes_per_delivered_payload_byte=5.32 cpu_us_per_delivery=3295.537 cpu_ms_per_node_s=6.607 wire_bytes_per_node_s=10921.648 conns_per_node=242.926 heap_mb_per_node=34.866 min_node_coverage=1 conn_high=0
label=nnet-idle n=16 delivery_ratio=0 lat_p50_ms=0 lat_p99_ms=0 wire_bytes_per_delivered_payload_byte=280.464 cpu_us_per_delivery=2125761 cpu_ms_per_node_s=5.314 wire_bytes_per_node_s=717.927 conns_per_node=15 heap_mb_per_node=6.02 min_node_coverage=1 conn_high=0
label=libp2p-idle n=16 delivery_ratio=0 lat_p50_ms=0 lat_p99_ms=0 wire_bytes_per_delivered_payload_byte=0 cpu_us_per_delivery=95827.0 cpu_ms_per_node_s=0.24 wire_bytes_per_node_s=0 conns_per_node=15 heap_mb_per_node=1.593 min_node_coverage=1 conn_high=0
label=nnet-idle n=32 delivery_ratio=0 lat_p50_ms=0 lat_p99_ms=0 wire_bytes_per_delivered_payload_byte=733.33 cpu_us_per_delivery=6873755.0 cpu_ms_per_node_s=8.592 wire_bytes_per_node_s=938.652 conns_per_node=28.938 heap_mb_per_node=9.721 min_node_coverage=1 conn_high=0
label=libp2p-idle n=32 delivery_ratio=0 lat_p50_ms=0 lat_p99_ms=0 wire_bytes_per_delivered_payload_byte=0 cpu_us_per_delivery=305938.0 cpu_ms_per_node_s=0.382 wire_bytes_per_node_s=0 conns_per_node=31 heap_mb_per_node=2.366 min_node_coverage=1 conn_high=0
label=nnet-idle n=64 delivery_ratio=0 lat_p50_ms=0 lat_p99_ms=0 wire_bytes_per_delivered_payload_byte=1770.822 cpu_us_per_delivery=12253276.0 cpu_ms_per_node_s=7.658 wire_bytes_per_node_s=1133.322 conns_per_node=39.25 heap_mb_per_node=12.267 min_node_coverage=1 conn_high=0
label=libp2p-idle n=64 delivery_ratio=0 lat_p50_ms=0 lat_p99_ms=0 wire_bytes_per_delivered_payload_byte=0 cpu_us_per_delivery=799240.0 cpu_ms_per_node_s=0.499 wire_bytes_per_node_s=0 conns_per_node=60.938 heap_mb_per_node=3.813 min_node_coverage=1 conn_high=0
label=nnet-idle n=128 delivery_ratio=0 lat_p50_ms=0 lat_p99_ms=0 wire_bytes_per_delivered_payload_byte=4127.104 cpu_us_per_delivery=12224167.0 cpu_ms_per_node_s=3.82 wire_bytes_per_node_s=1320.669 conns_per_node=48.016 heap_mb_per_node=14.839 min_node_coverage=1 conn_high=0
label=libp2p-idle n=128 delivery_ratio=0 lat_p50_ms=0 lat_p99_ms=0 wire_bytes_per_delivered_payload_byte=0 cpu_us_per_delivery=2625689.0 cpu_ms_per_node_s=0.82 wire_bytes_per_node_s=0 conns_per_node=101.516 heap_mb_per_node=5.428 min_node_coverage=1 conn_high=0
label=nnet-idle n=256 delivery_ratio=0 lat_p50_ms=0 lat_p99_ms=0 wire_bytes_per_delivered_payload_byte=9416.512 cpu_us_per_delivery=21213602.0 cpu_ms_per_node_s=3.315 wire_bytes_per_node_s=1506.636 conns_per_node=56.594 heap_mb_per_node=17.043 min_node_coverage=1 conn_high=0
label=libp2p-idle n=256 delivery_ratio=0 lat_p50_ms=0 lat_p99_ms=0 wire_bytes_per_delivered_payload_byte=0 cpu_us_per_delivery=17967770 cpu_ms_per_node_s=2.807 wire_bytes_per_node_s=0 conns_per_node=147.07 heap_mb_per_node=7.418 min_node_coverage=1 conn_high=0
